
> qa-devops-ai-challenge@1.0.0 test
> node --test

✔ calcula el total del carrito (0.749958ms)
✔ devuelve un producto por id cuando existe (0.77775ms)
✔ retorna null cuando no existe el producto (0.064458ms)
ℹ tests 3
ℹ suites 0
ℹ pass 3
ℹ fail 0
ℹ cancelled 0
ℹ skipped 0
ℹ todo 0
ℹ duration_ms 119.063083
